[INFO] Scanning for projects...
[INFO] 
[INFO] ------------------------< com.example:sbquanan >------------------------
[INFO] Building  0.0.1-SNAPSHOT
[INFO]   from pom.xml
[INFO] --------------------------------[ jar ]---------------------------------
[INFO] 
[INFO] >>> spring-boot:3.3.5:run (default-cli) > test-compile @ sbquanan >>>
[INFO] 
[INFO] --- resources:3.3.1:resources (default-resources) @ sbquanan ---
[INFO] Copying 1 resource from src\main\resources to target\classes
[INFO] Copying 38 resources from src\main\resources to target\classes
[INFO] 
[INFO] --- compiler:3.13.0:compile (default-compile) @ sbquanan ---
[INFO] Nothing to compile - all classes are up to date.
[INFO] 
[INFO] --- resources:3.3.1:testResources (default-testResources) @ sbquanan ---
[INFO] skip non existing resourceDirectory D:\code\btl\OrderQuanAn\src\test\resources
[INFO] 
[INFO] --- compiler:3.13.0:testCompile (default-testCompile) @ sbquanan ---
[INFO] Nothing to compile - all classes are up to date.
[INFO] 
[INFO] <<< spring-boot:3.3.5:run (default-cli) < test-compile @ sbquanan <<<
[INFO] 
[INFO] 
[INFO] --- spring-boot:3.3.5:run (default-cli) @ sbquanan ---
[INFO] Attaching agents: []

  .   ____          _            __ _ _
 /\\ / ___'_ __ _ _(_)_ __  __ _ \ \ \ \
( ( )\___ | '_ | '_| | '_ \/ _` | \ \ \ \
 \\/  ___)| |_)| | | | | || (_| |  ) ) ) )
  '  |____| .__|_| |_|_| |_\__, | / / / /
 =========|_|==============|___/=/_/_/_/

 :: Spring Boot ::                (v3.3.5)

2026-05-15T16:41:46.645+07:00  INFO 23908 --- [QuanAnApp] [  restartedMain] c.example.sbquanan.SbquananApplication   : Starting SbquananApplication using Java 25.0.1 with PID 23908 (D:\code\btl\OrderQuanAn\target\classes started by OwO in D:\code\btl\OrderQuanAn)
2026-05-15T16:41:46.648+07:00  INFO 23908 --- [QuanAnApp] [  restartedMain] c.example.sbquanan.SbquananApplication   : No active profile set, falling back to 1 default profile: "default"
2026-05-15T16:41:46.693+07:00  INFO 23908 --- [QuanAnApp] [  restartedMain] .e.DevToolsPropertyDefaultsPostProcessor : Devtools property defaults active! Set 'spring.devtools.add-properties' to 'false' to disable
2026-05-15T16:41:46.694+07:00  INFO 23908 --- [QuanAnApp] [  restartedMain] .e.DevToolsPropertyDefaultsPostProcessor : For additional web related logging consider setting the 'logging.level.web' property to 'DEBUG'
2026-05-15T16:41:47.184+07:00  INFO 23908 --- [QuanAnApp] [  restartedMain] .s.d.r.c.RepositoryConfigurationDelegate : Bootstrapping Spring Data JPA repositories in DEFAULT mode.
2026-05-15T16:41:47.254+07:00  INFO 23908 --- [QuanAnApp] [  restartedMain] .s.d.r.c.RepositoryConfigurationDelegate : Finished Spring Data repository scanning in 61 ms. Found 12 JPA repository interfaces.
WARNING: A restricted method in java.lang.System has been called
WARNING: java.lang.System::load has been called by org.apache.tomcat.jni.Library in an unnamed module (file:/C:/Users/OwO/.m2/repository/org/apache/tomcat/embed/tomcat-embed-core/10.1.31/tomcat-embed-core-10.1.31.jar)
WARNING: Use --enable-native-access=ALL-UNNAMED to avoid a warning for callers in this module
WARNING: Restricted methods will be blocked in a future release unless native access is enabled

2026-05-15T16:41:47.799+07:00  INFO 23908 --- [QuanAnApp] [  restartedMain] o.s.b.w.embedded.tomcat.TomcatWebServer  : Tomcat initialized with port 8080 (http)
2026-05-15T16:41:47.813+07:00  INFO 23908 --- [QuanAnApp] [  restartedMain] o.apache.catalina.core.StandardService   : Starting service [Tomcat]
2026-05-15T16:41:47.815+07:00  INFO 23908 --- [QuanAnApp] [  restartedMain] o.apache.catalina.core.StandardEngine    : Starting Servlet engine: [Apache Tomcat/10.1.31]
2026-05-15T16:41:47.858+07:00  INFO 23908 --- [QuanAnApp] [  restartedMain] o.a.c.c.C.[Tomcat].[localhost].[/]       : Initializing Spring embedded WebApplicationContext
2026-05-15T16:41:47.860+07:00  INFO 23908 --- [QuanAnApp] [  restartedMain] w.s.c.ServletWebServerApplicationContext : Root WebApplicationContext: initialization completed in 1164 ms
2026-05-15T16:41:48.015+07:00  INFO 23908 --- [QuanAnApp] [  restartedMain] o.hibernate.jpa.internal.util.LogHelper  : HHH000204: Processing PersistenceUnitInfo [name: default]
2026-05-15T16:41:48.061+07:00  INFO 23908 --- [QuanAnApp] [  restartedMain] org.hibernate.Version                    : HHH000412: Hibernate ORM core version 6.5.3.Final
2026-05-15T16:41:48.084+07:00  INFO 23908 --- [QuanAnApp] [  restartedMain] o.h.c.internal.RegionFactoryInitiator    : HHH000026: Second-level cache disabled
2026-05-15T16:41:48.309+07:00  INFO 23908 --- [QuanAnApp] [  restartedMain] o.s.o.j.p.SpringPersistenceUnitInfo      : No LoadTimeWeaver setup: ignoring JPA class transformer
2026-05-15T16:41:48.333+07:00  INFO 23908 --- [QuanAnApp] [  restartedMain] com.zaxxer.hikari.HikariDataSource       : HikariPool-1 - Starting...
2026-05-15T16:41:48.635+07:00  INFO 23908 --- [QuanAnApp] [  restartedMain] com.zaxxer.hikari.pool.HikariPool        : HikariPool-1 - Added connection ConnectionID:1 ClientConnectionId: 1f2e5736-8ee1-458f-90c8-a6129241c07e
2026-05-15T16:41:48.638+07:00  INFO 23908 --- [QuanAnApp] [  restartedMain] com.zaxxer.hikari.HikariDataSource       : HikariPool-1 - Start completed.
2026-05-15T16:41:48.659+07:00  WARN 23908 --- [QuanAnApp] [  restartedMain] org.hibernate.orm.deprecation            : HHH90000025: SQLServerDialect does not need to be specified explicitly using 'hibernate.dialect' (remove the property setting and it will be selected by default)
2026-05-15T16:41:49.577+07:00  INFO 23908 --- [QuanAnApp] [  restartedMain] o.h.e.t.j.p.i.JtaPlatformInitiator       : HHH000489: No JTA platform available (set 'hibernate.transaction.jta.platform' to enable JTA platform integration)
2026-05-15T16:41:49.582+07:00  INFO 23908 --- [QuanAnApp] [  restartedMain] j.LocalContainerEntityManagerFactoryBean : Initialized JPA EntityManagerFactory for persistence unit 'default'
2026-05-15T16:41:49.959+07:00  WARN 23908 --- [QuanAnApp] [  restartedMain] JpaBaseConfiguration$JpaWebConfiguration : spring.jpa.open-in-view is enabled by default. Therefore, database queries may be performed during view rendering. Explicitly configure spring.jpa.open-in-view to disable this warning
2026-05-15T16:41:49.977+07:00  INFO 23908 --- [QuanAnApp] [  restartedMain] o.s.b.a.w.s.WelcomePageHandlerMapping    : Adding welcome page: class path resource [static/index.html]
2026-05-15T16:41:50.247+07:00  INFO 23908 --- [QuanAnApp] [  restartedMain] o.s.b.d.a.OptionalLiveReloadServer       : LiveReload server is running on port 35729
2026-05-15T16:41:50.280+07:00  INFO 23908 --- [QuanAnApp] [  restartedMain] o.s.b.w.embedded.tomcat.TomcatWebServer  : Tomcat started on port 8080 (http) with context path '/'
2026-05-15T16:41:50.288+07:00  INFO 23908 --- [QuanAnApp] [  restartedMain] c.example.sbquanan.SbquananApplication   : Started SbquananApplication in 3.951 seconds (process running for 4.285)
[INFO] ------------------------------------------------------------------------
[INFO] BUILD FAILURE
[INFO] ------------------------------------------------------------------------
[INFO] Total time:  28.045 s
[INFO] Finished at: 2026-05-15T16:42:12+07:00
[INFO] ------------------------------------------------------------------------
[ERROR] Failed to execute goal org.springframework.boot:spring-boot-maven-plugin:3.3.5:run (default-cli) on project sbquanan: Process terminated with exit code: -1 -> [Help 1]
[ERROR] 
[ERROR] To see the full stack trace of the errors, re-run Maven with the -e switch.
[ERROR] Re-run Maven using the -X switch to enable full debug logging.
[ERROR] 
[ERROR] For more information about the errors and possible solutions, please read the following articles:
[ERROR] [Help 1] http://cwiki.apache.org/confluence/display/MAVEN/MojoExecutionException
